// Jest Snapshot v1, https://goo.gl/fbAQLP

exports[`Pruebas de componente Indecision Debe hacer un match con el snapchot 1`] = `
<!--v-if-->
<div class="bg-dark"></div>
<div class="indecision-container"><input type="text" placeholder="Realiza una pregunta">
  <p>Recuerda terminar la pregunda con un signo de interrogacion</p>
  <!--v-if-->
</div>
`;
